/Users/leo/Desktop/软件测试课设/源项目/HealthAgent/backend/.venv/lib/python3.12/site-packages/pytest_asyncio/plugin.py:208: PytestDeprecationWarning: The configuration option "asyncio_default_fixture_loop_scope" is unset.
The event loop scope for asynchronous fixtures will default to the fixture caching scope. Future versions of pytest-asyncio will default the loop scope for asynchronous fixtures to function scope. Set the default fixture loop scope explicitly in order to avoid unexpected behavior in the future. Valid fixture loop scopes are: "function", "class", "module", "package", "session"

  warnings.warn(PytestDeprecationWarning(_DEFAULT_FIXTURE_LOOP_SCOPE_UNSET))
============================= test session starts ==============================
platform darwin -- Python 3.12.14, pytest-8.3.3, pluggy-1.6.0 -- /Users/leo/Desktop/软件测试课设/源项目/HealthAgent/backend/.venv/bin/python
cachedir: .pytest_cache
rootdir: /Users/leo/Desktop/软件测试课设
plugins: asyncio-0.24.0, cov-5.0.0, anyio-4.15.1
asyncio: mode=Mode.STRICT, default_loop_scope=None
collecting ... collected 3 items

模块一作业交付包/缺陷证据/test_defect_regressions.py::test_m1_d01_full_password_and_legacy_compatibility PASSED [ 33%]
模块一作业交付包/缺陷证据/test_defect_regressions.py::test_m1_d02_required_null_rejected_nullable_fields_clearable PASSED [ 66%]
模块一作业交付包/缺陷证据/test_defect_regressions.py::test_m1_d03_timezone_equivalence_create_update_and_query PASSED [100%]

=============================== warnings summary ===============================
源项目/HealthAgent/backend/.venv/lib/python3.12/site-packages/starlette/testclient.py:40
  /Users/leo/Desktop/软件测试课设/源项目/HealthAgent/backend/.venv/lib/python3.12/site-packages/starlette/testclient.py:40: DeprecationWarning: The anyio.abc.BlockingPortal alias is deprecated, use anyio.from_thread.BlockingPortal instead.
    _PortalFactoryType = typing.Callable[[], typing.ContextManager[anyio.abc.BlockingPortal]]

源项目/HealthAgent/backend/.venv/lib/python3.12/site-packages/passlib/utils/__init__.py:854
  /Users/leo/Desktop/软件测试课设/源项目/HealthAgent/backend/.venv/lib/python3.12/site-packages/passlib/utils/__init__.py:854: DeprecationWarning: 'crypt' is deprecated and slated for removal in Python 3.13
    from crypt import crypt as _crypt

模块一作业交付包/缺陷证据/test_defect_regressions.py: 19 warnings
  /Users/leo/Desktop/软件测试课设/源项目/HealthAgent/backend/.venv/lib/python3.12/site-packages/jose/jwt.py:311: DeprecationWarning: datetime.datetime.utcnow() is deprecated and scheduled for removal in a future version. Use timezone-aware objects to represent datetimes in UTC: datetime.datetime.now(datetime.UTC).
    now = timegm(datetime.utcnow().utctimetuple())

-- Docs: https://docs.pytest.org/en/stable/how-to/capture-warnings.html
---- generated xml file: /Users/leo/Desktop/软件测试课设/模块一作业交付包/缺陷证据/修复后回归.xml -----
======================== 3 passed, 21 warnings in 5.80s ========================
