/Users/leo/Desktop/软件测试课设/源项目/HealthAgent/backend/.venv/lib/python3.12/site-packages/pytest_asyncio/plugin.py:208: PytestDeprecationWarning: The configuration option "asyncio_default_fixture_loop_scope" is unset.
The event loop scope for asynchronous fixtures will default to the fixture caching scope. Future versions of pytest-asyncio will default the loop scope for asynchronous fixtures to function scope. Set the default fixture loop scope explicitly in order to avoid unexpected behavior in the future. Valid fixture loop scopes are: "function", "class", "module", "package", "session"

  warnings.warn(PytestDeprecationWarning(_DEFAULT_FIXTURE_LOOP_SCOPE_UNSET))
============================= test session starts ==============================
platform darwin -- Python 3.12.14, pytest-8.3.3, pluggy-1.6.0 -- /Users/leo/Desktop/软件测试课设/源项目/HealthAgent/backend/.venv/bin/python
rootdir: /private/tmp/healthagent-yuan-batch-20260913/backend
configfile: pyproject.toml
plugins: asyncio-0.24.0, cov-5.0.0, anyio-4.15.1
asyncio: mode=Mode.AUTO, default_loop_scope=None
collecting ... collected 15 items

tests/test_users.py::TestMe::test_me_invalid_token PASSED                [  6%]
tests/test_users.py::TestUpdateProfile::test_update_profile PASSED       [ 13%]
tests/test_users.py::TestUpdateProfile::test_update_profile_invalid_gender PASSED [ 20%]
tests/test_users.py::TestChangePassword::test_change_password_success PASSED [ 26%]
tests/test_users.py::TestChangePassword::test_change_password_wrong_old PASSED [ 33%]
tests/test_bp_records.py::TestAuth::test_requires_auth PASSED            [ 40%]
tests/test_bp_records.py::TestCrud::test_create_and_get PASSED           [ 46%]
tests/test_bp_records.py::TestCrud::test_list_pagination PASSED          [ 53%]
tests/test_bp_records.py::TestCrud::test_update_and_delete PASSED        [ 60%]
tests/test_bp_records.py::TestCrud::test_user_isolation PASSED           [ 66%]
tests/test_bp_records.py::TestCrud::test_validation_out_of_range PASSED  [ 73%]
tests/test_bp_records.py::TestStatsAndForecast::test_stats_empty PASSED  [ 80%]
tests/test_bp_records.py::TestStatsAndForecast::test_stats_with_data PASSED [ 86%]
tests/test_bp_records.py::TestStatsAndForecast::test_forecast_insufficient PASSED [ 93%]
tests/test_bp_records.py::TestStatsAndForecast::test_forecast_with_data PASSED [100%]

=============================== warnings summary ===============================
../../../../Users/leo/Desktop/软件测试课设/源项目/HealthAgent/backend/.venv/lib/python3.12/site-packages/starlette/testclient.py:40
  /Users/leo/Desktop/软件测试课设/源项目/HealthAgent/backend/.venv/lib/python3.12/site-packages/starlette/testclient.py:40: DeprecationWarning: The anyio.abc.BlockingPortal alias is deprecated, use anyio.from_thread.BlockingPortal instead.
    _PortalFactoryType = typing.Callable[[], typing.ContextManager[anyio.abc.BlockingPortal]]

../../../../Users/leo/Desktop/软件测试课设/源项目/HealthAgent/backend/.venv/lib/python3.12/site-packages/passlib/utils/__init__.py:854
  /Users/leo/Desktop/软件测试课设/源项目/HealthAgent/backend/.venv/lib/python3.12/site-packages/passlib/utils/__init__.py:854: DeprecationWarning: 'crypt' is deprecated and slated for removal in Python 3.13
    from crypt import crypt as _crypt

tests/test_users.py: 4 warnings
tests/test_bp_records.py: 28 warnings
  /Users/leo/Desktop/软件测试课设/源项目/HealthAgent/backend/.venv/lib/python3.12/site-packages/jose/jwt.py:311: DeprecationWarning: datetime.datetime.utcnow() is deprecated and scheduled for removal in a future version. Use timezone-aware objects to represent datetimes in UTC: datetime.datetime.now(datetime.UTC).
    now = timegm(datetime.utcnow().utctimetuple())

-- Docs: https://docs.pytest.org/en/stable/how-to/capture-warnings.html
- generated xml file: /private/tmp/healthagent-yuan-batch-20260913/模块一作业交付包/第一批_袁立沛/执行结果/functional.xml -
======================= 15 passed, 34 warnings in 5.10s ========================
