F:\研究生课程作业或设计\软件质量测试\HealthAgent\backend\.venv\lib\site-packages\pytest_asyncio\plugin.py:208: PytestDeprecationWarning: The configuration option "asyncio_default_fixture_loop_scope" is unset.
The event loop scope for asynchronous fixtures will default to the fixture caching scope. Future versions of pytest-asyncio will default the loop scope for asynchronous fixtures to function scope. Set the default fixture loop scope explicitly in order to avoid unexpected behavior in the future. Valid fixture loop scopes are: "function", "class", "module", "package", "session"

  warnings.warn(PytestDeprecationWarning(_DEFAULT_FIXTURE_LOOP_SCOPE_UNSET))
============================= test session starts =============================
platform win32 -- Python 3.10.11, pytest-8.3.3, pluggy-1.6.0 -- F:\研究生课程作业或设计\软件质量测试\HealthAgent\backend\.venv\Scripts\python.exe
rootdir: F:\研究生课程作业或设计\软件质量测试\HealthAgent\backend
configfile: pyproject.toml
plugins: anyio-4.15.1, asyncio-0.24.0, cov-5.0.0
asyncio: mode=auto, default_loop_scope=None
collecting ... collected 15 items

tests/test_auth.py::TestRegister::test_register_success PASSED           [  6%]
tests/test_auth.py::TestRegister::test_register_duplicate_username PASSED [ 13%]
tests/test_auth.py::TestRegister::test_register_duplicate_email PASSED   [ 20%]
tests/test_auth.py::TestRegister::test_register_validation[bad0] PASSED  [ 26%]
tests/test_auth.py::TestRegister::test_register_validation[bad1] PASSED  [ 33%]
tests/test_auth.py::TestRegister::test_register_validation[bad2] PASSED  [ 40%]
tests/test_auth.py::TestRegister::test_register_validation[bad3] PASSED  [ 46%]
tests/test_auth.py::TestLogin::test_login_success PASSED                 [ 53%]
tests/test_auth.py::TestLogin::test_login_wrong_password PASSED          [ 60%]
tests/test_auth.py::TestLogin::test_login_unknown_user PASSED            [ 66%]
tests/test_auth.py::TestRefresh::test_refresh_success PASSED             [ 73%]
tests/test_auth.py::TestRefresh::test_refresh_rejects_access_token PASSED [ 80%]
tests/test_auth.py::TestRefresh::test_refresh_invalid PASSED             [ 86%]
tests/test_users.py::TestMe::test_me_requires_auth PASSED                [ 93%]
tests/test_users.py::TestMe::test_me_ok PASSED                           [100%]

============================== warnings summary ===============================
.venv\lib\site-packages\starlette\testclient.py:40
  F:\研究生课程作业或设计\软件质量测试\HealthAgent\backend\.venv\lib\site-packages\starlette\testclient.py:40: DeprecationWarning: The anyio.abc.BlockingPortal alias is deprecated, use anyio.from_thread.BlockingPortal instead.
    _PortalFactoryType = typing.Callable[[], typing.ContextManager[anyio.abc.BlockingPortal]]

-- Docs: https://docs.pytest.org/en/stable/how-to/capture-warnings.html
- generated xml file: F:\研究生课程作业或设计\软件质量测试\HealthAgent\模块一作业交付包\第二批_陆京超\执行结果\20260914_155941_795601\functional.xml -
======================== 15 passed, 1 warning in 7.30s ========================
